// Jest Snapshot v1, https://goo.gl/fbAQLP

exports[`MainContent component should renders correctly 1`] = `
<div
  className="row"
/>
`;
